// Jest Snapshot v1, https://goo.gl/fbAQLP

exports[`AvailableBalanceCard muestra el saldo disponible formateado 1`] = `
<View
  className="items-center rounded-[16px] border border-hair bg-white p-[18px]"
>
  <Text
    className="font-mono text-[10px] tracking-[1.2px] text-label"
  >
    DISPONIBLE PARA RETIRO
  </Text>
  <Text
    className="mt-1.5 text-[34px] font-bold tracking-[-0.4px] text-ink"
  >
    24.5$
  </Text>
</View>
`;
