// Jest Snapshot v1, https://goo.gl/fbAQLP

exports[`MinimumBalanceNotice por debajo del mínimo muestra cuánto falta 1`] = `
<View
  className="flex-row items-start gap-2 rounded-[12px] border border-hair bg-block px-3.5 py-3"
>
  <Text
    className="text-[14px]"
  >
    ⓘ
  </Text>
  <Text
    className="flex-1 text-[12px] leading-[17px] text-body"
  >
    Te faltan 
    <Text
      className="font-bold"
    >
      350Bs
    </Text>
     para poder retirar. El mínimo es 
    600Bs
    .
  </Text>
</View>
`;
