// Jest Snapshot v1, https://goo.gl/fbAQLP

exports[`BalanceSkeleton renderiza el layout de skeleton 1`] = `
<View
  collapsable={false}
  style={
    {
      "opacity": 1,
    }
  }
  testID="balance-skeleton"
>
  <View
    className="h-[170px] rounded-[18px] bg-borde-suave"
  />
  <View
    className="mt-3.5 h-4 w-32 rounded-full bg-borde-suave"
  />
  <View
    className="mt-2.5 overflow-hidden rounded-[14px]"
  >
    <View
      className="h-[52px] border-b border-borde-suave bg-borde-suave"
    />
    <View
      className="h-[52px] border-b border-borde-suave bg-borde-suave"
    />
    <View
      className="h-[52px] bg-borde-suave"
    />
  </View>
</View>
`;
