// Jest Snapshot v1, https://goo.gl/fbAQLP

exports[`TransactionRow mapea movementType a una etiqueta legible y muestra monto, fecha y distancia 1`] = `
<View
  className="flex-row items-center justify-between px-3.5 py-3 border-b border-canvas"
>
  <View
    className="flex-1 pr-3"
  >
    <Text
      className="text-[13px] font-semibold text-ink"
      numberOfLines={1}
    >
      Carrera
    </Text>
    <Text
      className="text-[10.5px] text-label"
      numberOfLines={1}
    >
      4 jul · 3.1 km
    </Text>
  </View>
  <Text
    className="text-[14px] font-bold"
    style={
      {
        "color": "#22c55e",
      }
    }
  >
    +0.64$
  </Text>
</View>
`;
