// Jest Snapshot v1, https://goo.gl/fbAQLP

exports[`HistorialListFooter renderiza el mensaje de reintentar durante errorMore 1`] = `
<View
  accessibilityState={
    {
      "busy": undefined,
      "checked": undefined,
      "disabled": undefined,
      "expanded": undefined,
      "selected": undefined,
    }
  }
  accessibilityValue={
    {
      "max": undefined,
      "min": undefined,
      "now": undefined,
      "text": undefined,
    }
  }
  accessible={true}
  className="flex-row items-center justify-between px-4 py-3"
  collapsable={false}
  focusable={true}
  onBlur={[Function]}
  onClick={[Function]}
  onFocus={[Function]}
  onResponderGrant={[Function]}
  onResponderMove={[Function]}
  onResponderRelease={[Function]}
  onResponderTerminate={[Function]}
  onResponderTerminationRequest={[Function]}
  onStartShouldSetResponder={[Function]}
>
  <Text
    className="flex-1 text-[12.5px] font-semibold"
    style={
      {
        "color": "#ef4444",
      }
    }
  >
    No pudimos cargar más movimientos
  </Text>
  <Text
    className="text-[12.5px] font-bold"
    style={
      {
        "color": "#ef4444",
      }
    }
  >
    Reintentar
  </Text>
</View>
`;

exports[`HistorialListFooter renderiza la fila-skeleton durante loadingMore 1`] = `
<View
  className="px-4 pb-2 pt-1"
>
  <View
    className="overflow-hidden rounded-[14px]"
    collapsable={false}
    style={
      {
        "opacity": 1,
      }
    }
    testID="historial-skeleton"
  >
    <View
      className="h-[52px] bg-hair "
    />
  </View>
</View>
`;
